// Vitest Snapshot v1, https://vitest.dev/guide/snapshot.html

exports[`Page Layout > renders correctly 1`] = `<div />`;
