// Vitest Snapshot v1, https://vitest.dev/guide/snapshot.html

exports[`Banner Component > displays Image Not Found when src is null 1`] = `
<div>
  <div
    class="relative aspect-video bg-gray-700 bg-opacity-90 rounded-lg overflow-hidden undefined"
  >
    <div
      class="absolute inset-0 flex flex-col justify-center items-center gap-2 text-gray-300"
    >
      <svg
        aria-hidden="true"
        class="size-16"
        data-slot="icon"
        fill="none"
        stroke="currentColor"
        stroke-width="1.5"
        viewBox="0 0 24 24"
        xmlns="http://www.w3.org/2000/svg"
      >
        <path
          d="M7.5 3.75H6A2.25 2.25 0 0 0 3.75 6v1.5M16.5 3.75H18A2.25 2.25 0 0 1 20.25 6v1.5m0 9V18A2.25 2.25 0 0 1 18 20.25h-1.5m-9 0H6A2.25 2.25 0 0 1 3.75 18v-1.5M15 12a3 3 0 1 1-6 0 3 3 0 0 1 6 0Z"
          stroke-linecap="round"
          stroke-linejoin="round"
        />
      </svg>
      Image Not Found
    </div>
  </div>
</div>
`;

exports[`Banner Component > displays the correct image source 1`] = `
<div>
  <img
    alt="Movie Banner"
    class="aspect-video bg-gray-700 bg-opacity-90 rounded-lg undefined"
    src="https://image.tmdb.org/t/p/w500/testPath"
  />
</div>
`;

exports[`Banner Component > renders correctly 1`] = `
<div>
  <img
    alt="Movie Banner"
    class="aspect-video bg-gray-700 bg-opacity-90 rounded-lg undefined"
    src="https://image.tmdb.org/t/p/w500/testPath"
  />
</div>
`;
