// Vitest Snapshot v1, https://vitest.dev/guide/snapshot.html

exports[`Poster Component > renders correctly 1`] = `
<div>
  <div
    class="relative aspect-[8/12] bg-gray-700 bg-opacity-90 rounded-lg overflow-hidden undefined"
  >
    <img
      alt="Movie Poster"
      class="w-full group-hover:lg:scale-110 duration-150"
      src="https://image.tmdb.org/t/p/w300/testPath"
    />
  </div>
</div>
`;

exports[`Poster Component > renders correctly without poster image 1`] = `
<div>
  <div
    class="relative aspect-[8/12] bg-gray-700 bg-opacity-90 rounded-lg overflow-hidden undefined"
  >
    <div
      class="absolute inset-0 flex flex-col justify-center items-center gap-2 text-gray-300 text-center"
    >
      <svg
        aria-hidden="true"
        class="w-1/2"
        data-slot="icon"
        fill="none"
        stroke="currentColor"
        stroke-width="1.5"
        viewBox="0 0 24 24"
        xmlns="http://www.w3.org/2000/svg"
      >
        <path
          d="M7.5 3.75H6A2.25 2.25 0 0 0 3.75 6v1.5M16.5 3.75H18A2.25 2.25 0 0 1 20.25 6v1.5m0 9V18A2.25 2.25 0 0 1 18 20.25h-1.5m-9 0H6A2.25 2.25 0 0 1 3.75 18v-1.5M15 12a3 3 0 1 1-6 0 3 3 0 0 1 6 0Z"
          stroke-linecap="round"
          stroke-linejoin="round"
        />
      </svg>
      Image Not Found
    </div>
  </div>
</div>
`;
