// Vitest Snapshot v1, https://vitest.dev/guide/snapshot.html

exports[`TopRated Page > renders correctly 1`] = `
<div>
  <div
    data-testid="MovieList"
  />
</div>
`;
